// Jest Snapshot v1, https://goo.gl/fbAQLP

exports[`snapshot test 1`] = `
Object {
  "asFragment": [Function],
  "baseElement": <body>
    <div>
      <div>
        <div
          class="css-obaqkn"
        >
          <ul
            class="css-10e31a0"
          >
            <li>
              HOME
            </li>
            <li>
              CONTACT
            </li>
            <li>
              DELIVERY
            </li>
            <li>
              TERMS
            </li>
            <li>
              <input />
            </li>
            <li>
              LOGIN
            </li>
          </ul>
        </div>
        <div>
          <h1>
            shirt shop
          </h1>
        </div>
      </div>
    </div>
  </body>,
  "container": <div>
    <div>
      <div
        class="css-obaqkn"
      >
        <ul
          class="css-10e31a0"
        >
          <li>
            HOME
          </li>
          <li>
            CONTACT
          </li>
          <li>
            DELIVERY
          </li>
          <li>
            TERMS
          </li>
          <li>
            <input />
          </li>
          <li>
            LOGIN
          </li>
        </ul>
      </div>
      <div>
        <h1>
          shirt shop
        </h1>
      </div>
    </div>
  </div>,
  "debug": [Function],
  "getAllByAltText": [Function],
  "getAllByLabelText": [Function],
  "getAllByPlaceholderText": [Function],
  "getAllByRole": [Function],
  "getAllBySelectText": [Function],
  "getAllByTestId": [Function],
  "getAllByText": [Function],
  "getAllByTitle": [Function],
  "getAllByValue": [Function],
  "getByAltText": [Function],
  "getByLabelText": [Function],
  "getByPlaceholderText": [Function],
  "getByRole": [Function],
  "getBySelectText": [Function],
  "getByTestId": [Function],
  "getByText": [Function],
  "getByTitle": [Function],
  "getByValue": [Function],
  "queryAllByAltText": [Function],
  "queryAllByLabelText": [Function],
  "queryAllByPlaceholderText": [Function],
  "queryAllByRole": [Function],
  "queryAllBySelectText": [Function],
  "queryAllByTestId": [Function],
  "queryAllByText": [Function],
  "queryAllByTitle": [Function],
  "queryAllByValue": [Function],
  "queryByAltText": [Function],
  "queryByLabelText": [Function],
  "queryByPlaceholderText": [Function],
  "queryByRole": [Function],
  "queryBySelectText": [Function],
  "queryByTestId": [Function],
  "queryByText": [Function],
  "queryByTitle": [Function],
  "queryByValue": [Function],
  "rerender": [Function],
  "unmount": [Function],
}
`;
